
> app@0.1.0 build
> next build

   ▲ Next.js 15.5.9
   - Environments: .env.local

   Creating an optimized production build ...
 ✓ Compiled successfully in 2.1s
   Linting and checking validity of types ...
node.exe : 
At C:\Users\Msi\AppData\Roaming\npm\npm.ps1:24 char:5
+     & "node$exe"  
"$basedir/node_modules/npm/bin/npm-cli.js" $args
+     ~~~~~~~~~~~~~~~~~~~~~~~~~~~~~~~~~~~~~~~~~~~~~~~
~~~~~~~~~~~~~~~
    + CategoryInfo          : NotSpecified: (:String 
   ) [], RemoteException
    + FullyQualifiedErrorId : NativeCommandError
 
Failed to compile.

./app/ui/Header.tsx
19:41  Error: React Hook "useState" is called 
conditionally. React Hooks must be called in the 
exact same order in every component render.  
react-hooks/rules-of-hooks
20:25  Error: React Hook "useRef" is called 
conditionally. React Hooks must be called in the 
exact same order in every component render.  
react-hooks/rules-of-hooks
22:5  Error: React Hook "useEffect" is called 
conditionally. React Hooks must be called in the 
exact same order in every component render.  
react-hooks/rules-of-hooks
43:20  Error: React Hook "useRef" is called 
conditionally. React Hooks must be called in the 
exact same order in every component render.  
react-hooks/rules-of-hooks
44:25  Error: React Hook "useRef" is called 
conditionally. React Hooks must be called in the 
exact same order in every component render.  
react-hooks/rules-of-hooks
45:24  Error: React Hook "useRef" is called 
conditionally. React Hooks must be called in the 
exact same order in every component render.  
react-hooks/rules-of-hooks
47:5  Error: React Hook "useEffect" is called 
conditionally. React Hooks must be called in the 
exact same order in every component render.  
react-hooks/rules-of-hooks
54:5  Error: React Hook "useEffect" is called 
conditionally. React Hooks must be called in the 
exact same order in every component render.  
react-hooks/rules-of-hooks
98:24  Error: React Hook "useRef" is called 
conditionally. React Hooks must be called in the 
exact same order in every component render.  
react-hooks/rules-of-hooks
99:27  Error: React Hook "useRef" is called 
conditionally. React Hooks must be called in the 
exact same order in every component render.  
react-hooks/rules-of-hooks
100:20  Error: React Hook "useRef" is called 
conditionally. React Hooks must be called in the 
exact same order in every component render.  
react-hooks/rules-of-hooks
101:22  Error: React Hook "useRef" is called 
conditionally. React Hooks must be called in the 
exact same order in every component render.  
react-hooks/rules-of-hooks

info  - Need to disable some ESLint rules? Learn 
more here: https://nextjs.org/docs/app/api-reference/
config/eslint#disabling-rules
